// Jest Snapshot v1, https://goo.gl/fbAQLP

exports[`generateLinkedList matches the linked list structure for strings with snapshot 1`] = `
{
  "next": {
    "next": {
      "next": {
        "next": null,
        "value": null,
      },
      "value": "c",
    },
    "value": "b",
  },
  "value": "a",
}
`;
